// Jest Snapshot v1, https://goo.gl/fbAQLP

exports[`App matches the snapshot 1`] = `
ShallowWrapper {
  Symbol(enzyme.__root__): [Circular],
  Symbol(enzyme.__unrendered__): <App
    App={
      Object {
        "destination": "destination",
        "id": "1234",
        "origin": "origin",
        "readable_arrival": "readable_arrival",
        "readable_departure": "readable_departure",
      }
    }
    onRemoveApp={[MockFunction]}
    onSelectApp={[MockFunction]}
  />,
  Symbol(enzyme.__renderer__): Object {
    "batchedUpdates": [Function],
    "checkPropTypes": [Function],
    "getNode": [Function],
    "render": [Function],
    "simulateError": [Function],
    "simulateEvent": [Function],
    "unmount": [Function],
  },
  Symbol(enzyme.__node__): Object {
    "instance": null,
    "key": undefined,
    "nodeType": "host",
    "props": Object {
      "children": Array [
        <h1
          className="mt-15 text-center"
        >
          Aircraft scheduling
        </h1>,
        <Instructions />,
        <div
          className="d-flex mt-35"
        >
          <div
            className="d-flex flex-column"
          >
            <FlightsList
              flightsList={Array []}
              onRemoveFlight={[Function]}
              rotation={true}
            />
            <Timeline
              flyingTimesList={Array []}
            />
          </div>
        </div>,
      ],
    },
    "ref": null,
    "rendered": Array [
      Object {
        "instance": null,
        "key": undefined,
        "nodeType": "host",
        "props": Object {
          "children": "Aircraft scheduling",
          "className": "mt-15 text-center",
        },
        "ref": null,
        "rendered": "Aircraft scheduling",
        "type": "h1",
      },
      Object {
        "instance": null,
        "key": undefined,
        "nodeType": "function",
        "props": Object {},
        "ref": null,
        "rendered": null,
        "type": [Function],
      },
      Object {
        "instance": null,
        "key": undefined,
        "nodeType": "host",
        "props": Object {
          "children": Array [
            null,
            <div
              className="d-flex flex-column"
            >
              <FlightsList
                flightsList={Array []}
                onRemoveFlight={[Function]}
                rotation={true}
              />
              <Timeline
                flyingTimesList={Array []}
              />
            </div>,
            null,
          ],
          "className": "d-flex mt-35",
        },
        "ref": null,
        "rendered": Array [
          null,
          Object {
            "instance": null,
            "key": undefined,
            "nodeType": "host",
            "props": Object {
              "children": Array [
                <FlightsList
                  flightsList={Array []}
                  onRemoveFlight={[Function]}
                  rotation={true}
                />,
                <Timeline
                  flyingTimesList={Array []}
                />,
              ],
              "className": "d-flex flex-column",
            },
            "ref": null,
            "rendered": Array [
              Object {
                "instance": null,
                "key": undefined,
                "nodeType": "class",
                "props": Object {
                  "flightsList": Array [],
                  "onRemoveFlight": [Function],
                  "rotation": true,
                },
                "ref": null,
                "rendered": null,
                "type": [Function],
              },
              Object {
                "instance": null,
                "key": undefined,
                "nodeType": "class",
                "props": Object {
                  "flyingTimesList": Array [],
                },
                "ref": null,
                "rendered": null,
                "type": [Function],
              },
            ],
            "type": "div",
          },
          null,
        ],
        "type": "div",
      },
    ],
    "type": "div",
  },
  Symbol(enzyme.__nodes__): Array [
    Object {
      "instance": null,
      "key": undefined,
      "nodeType": "host",
      "props": Object {
        "children": Array [
          <h1
            className="mt-15 text-center"
          >
            Aircraft scheduling
          </h1>,
          <Instructions />,
          <div
            className="d-flex mt-35"
          >
            <div
              className="d-flex flex-column"
            >
              <FlightsList
                flightsList={Array []}
                onRemoveFlight={[Function]}
                rotation={true}
              />
              <Timeline
                flyingTimesList={Array []}
              />
            </div>
          </div>,
        ],
      },
      "ref": null,
      "rendered": Array [
        Object {
          "instance": null,
          "key": undefined,
          "nodeType": "host",
          "props": Object {
            "children": "Aircraft scheduling",
            "className": "mt-15 text-center",
          },
          "ref": null,
          "rendered": "Aircraft scheduling",
          "type": "h1",
        },
        Object {
          "instance": null,
          "key": undefined,
          "nodeType": "function",
          "props": Object {},
          "ref": null,
          "rendered": null,
          "type": [Function],
        },
        Object {
          "instance": null,
          "key": undefined,
          "nodeType": "host",
          "props": Object {
            "children": Array [
              null,
              <div
                className="d-flex flex-column"
              >
                <FlightsList
                  flightsList={Array []}
                  onRemoveFlight={[Function]}
                  rotation={true}
                />
                <Timeline
                  flyingTimesList={Array []}
                />
              </div>,
              null,
            ],
            "className": "d-flex mt-35",
          },
          "ref": null,
          "rendered": Array [
            null,
            Object {
              "instance": null,
              "key": undefined,
              "nodeType": "host",
              "props": Object {
                "children": Array [
                  <FlightsList
                    flightsList={Array []}
                    onRemoveFlight={[Function]}
                    rotation={true}
                  />,
                  <Timeline
                    flyingTimesList={Array []}
                  />,
                ],
                "className": "d-flex flex-column",
              },
              "ref": null,
              "rendered": Array [
                Object {
                  "instance": null,
                  "key": undefined,
                  "nodeType": "class",
                  "props": Object {
                    "flightsList": Array [],
                    "onRemoveFlight": [Function],
                    "rotation": true,
                  },
                  "ref": null,
                  "rendered": null,
                  "type": [Function],
                },
                Object {
                  "instance": null,
                  "key": undefined,
                  "nodeType": "class",
                  "props": Object {
                    "flyingTimesList": Array [],
                  },
                  "ref": null,
                  "rendered": null,
                  "type": [Function],
                },
              ],
              "type": "div",
            },
            null,
          ],
          "type": "div",
        },
      ],
      "type": "div",
    },
  ],
  Symbol(enzyme.__options__): Object {
    "adapter": ReactSixteenAdapter {
      "options": Object {
        "enableComponentDidUpdateOnSetState": true,
        "legacyContextMode": "parent",
        "lifecycles": Object {
          "componentDidUpdate": Object {
            "onSetState": true,
          },
          "getChildContext": Object {
            "calledByRenderer": false,
          },
          "getDerivedStateFromProps": Object {
            "hasShouldComponentUpdateBug": false,
          },
          "getSnapshotBeforeUpdate": true,
          "setState": Object {
            "skipsComponentDidUpdateOnNullish": true,
          },
        },
      },
    },
  },
  Symbol(enzyme.__childContext__): null,
}
`;
