// Jest Snapshot v1, https://goo.gl/fbAQLP

exports[`AirCraftsList matches the snapshot 1`] = `
ShallowWrapper {
  Symbol(enzyme.__root__): [Circular],
  Symbol(enzyme.__unrendered__): <AirCraftsList
    aircraftList={
      Array [
        Object {
          "ident": "1234",
        },
      ]
    }
    onSelectAircraft={[MockFunction]}
    totalAircraftUse={[MockFunction]}
  />,
  Symbol(enzyme.__renderer__): Object {
    "batchedUpdates": [Function],
    "checkPropTypes": [Function],
    "getNode": [Function],
    "render": [Function],
    "simulateError": [Function],
    "simulateEvent": [Function],
    "unmount": [Function],
  },
  Symbol(enzyme.__node__): Object {
    "instance": null,
    "key": undefined,
    "nodeType": "host",
    "props": Object {
      "children": Array [
        <h3>
          Aircrafts
        </h3>,
        <ul
          className="d-flex flex-column"
        >
          <AirCraft
            aircraft={
              Object {
                "ident": "1234",
              }
            }
            onSelectAircraft={[MockFunction]}
            totalAircraftUse={[MockFunction]}
          />
        </ul>,
      ],
      "className": "container mw-250",
    },
    "ref": null,
    "rendered": Array [
      Object {
        "instance": null,
        "key": undefined,
        "nodeType": "host",
        "props": Object {
          "children": "Aircrafts",
        },
        "ref": null,
        "rendered": "Aircrafts",
        "type": "h3",
      },
      Object {
        "instance": null,
        "key": undefined,
        "nodeType": "host",
        "props": Object {
          "children": Array [
            <AirCraft
              aircraft={
                Object {
                  "ident": "1234",
                }
              }
              onSelectAircraft={[MockFunction]}
              totalAircraftUse={[MockFunction]}
            />,
          ],
          "className": "d-flex flex-column",
        },
        "ref": null,
        "rendered": Array [
          Object {
            "instance": null,
            "key": "1234",
            "nodeType": "function",
            "props": Object {
              "aircraft": Object {
                "ident": "1234",
              },
              "onSelectAircraft": [MockFunction],
              "totalAircraftUse": [MockFunction],
            },
            "ref": null,
            "rendered": null,
            "type": [Function],
          },
        ],
        "type": "ul",
      },
    ],
    "type": "div",
  },
  Symbol(enzyme.__nodes__): Array [
    Object {
      "instance": null,
      "key": undefined,
      "nodeType": "host",
      "props": Object {
        "children": Array [
          <h3>
            Aircrafts
          </h3>,
          <ul
            className="d-flex flex-column"
          >
            <AirCraft
              aircraft={
                Object {
                  "ident": "1234",
                }
              }
              onSelectAircraft={[MockFunction]}
              totalAircraftUse={[MockFunction]}
            />
          </ul>,
        ],
        "className": "container mw-250",
      },
      "ref": null,
      "rendered": Array [
        Object {
          "instance": null,
          "key": undefined,
          "nodeType": "host",
          "props": Object {
            "children": "Aircrafts",
          },
          "ref": null,
          "rendered": "Aircrafts",
          "type": "h3",
        },
        Object {
          "instance": null,
          "key": undefined,
          "nodeType": "host",
          "props": Object {
            "children": Array [
              <AirCraft
                aircraft={
                  Object {
                    "ident": "1234",
                  }
                }
                onSelectAircraft={[MockFunction]}
                totalAircraftUse={[MockFunction]}
              />,
            ],
            "className": "d-flex flex-column",
          },
          "ref": null,
          "rendered": Array [
            Object {
              "instance": null,
              "key": "1234",
              "nodeType": "function",
              "props": Object {
                "aircraft": Object {
                  "ident": "1234",
                },
                "onSelectAircraft": [MockFunction],
                "totalAircraftUse": [MockFunction],
              },
              "ref": null,
              "rendered": null,
              "type": [Function],
            },
          ],
          "type": "ul",
        },
      ],
      "type": "div",
    },
  ],
  Symbol(enzyme.__options__): Object {
    "adapter": ReactSixteenAdapter {
      "options": Object {
        "enableComponentDidUpdateOnSetState": true,
        "legacyContextMode": "parent",
        "lifecycles": Object {
          "componentDidUpdate": Object {
            "onSetState": true,
          },
          "getChildContext": Object {
            "calledByRenderer": false,
          },
          "getDerivedStateFromProps": Object {
            "hasShouldComponentUpdateBug": false,
          },
          "getSnapshotBeforeUpdate": true,
          "setState": Object {
            "skipsComponentDidUpdateOnNullish": true,
          },
        },
      },
    },
  },
}
`;
