// Jest Snapshot v1, https://goo.gl/fbAQLP

exports[`Instructions matches the snapshot 1`] = `
ShallowWrapper {
  Symbol(enzyme.__root__): [Circular],
  Symbol(enzyme.__unrendered__): <Instructions />,
  Symbol(enzyme.__renderer__): Object {
    "batchedUpdates": [Function],
    "checkPropTypes": [Function],
    "getNode": [Function],
    "render": [Function],
    "simulateError": [Function],
    "simulateEvent": [Function],
    "unmount": [Function],
  },
  Symbol(enzyme.__node__): Object {
    "instance": null,
    "key": undefined,
    "nodeType": "host",
    "props": Object {
      "children": Array [
        <p>
          In the flights list, double click on a flight to add it to the rotation
        </p>,
        <p>
          In the rotation, double click on a flight to remove it 
        </p>,
      ],
      "className": "instructions",
    },
    "ref": null,
    "rendered": Array [
      Object {
        "instance": null,
        "key": undefined,
        "nodeType": "host",
        "props": Object {
          "children": "In the flights list, double click on a flight to add it to the rotation",
        },
        "ref": null,
        "rendered": "In the flights list, double click on a flight to add it to the rotation",
        "type": "p",
      },
      Object {
        "instance": null,
        "key": undefined,
        "nodeType": "host",
        "props": Object {
          "children": "In the rotation, double click on a flight to remove it ",
        },
        "ref": null,
        "rendered": "In the rotation, double click on a flight to remove it ",
        "type": "p",
      },
    ],
    "type": "div",
  },
  Symbol(enzyme.__nodes__): Array [
    Object {
      "instance": null,
      "key": undefined,
      "nodeType": "host",
      "props": Object {
        "children": Array [
          <p>
            In the flights list, double click on a flight to add it to the rotation
          </p>,
          <p>
            In the rotation, double click on a flight to remove it 
          </p>,
        ],
        "className": "instructions",
      },
      "ref": null,
      "rendered": Array [
        Object {
          "instance": null,
          "key": undefined,
          "nodeType": "host",
          "props": Object {
            "children": "In the flights list, double click on a flight to add it to the rotation",
          },
          "ref": null,
          "rendered": "In the flights list, double click on a flight to add it to the rotation",
          "type": "p",
        },
        Object {
          "instance": null,
          "key": undefined,
          "nodeType": "host",
          "props": Object {
            "children": "In the rotation, double click on a flight to remove it ",
          },
          "ref": null,
          "rendered": "In the rotation, double click on a flight to remove it ",
          "type": "p",
        },
      ],
      "type": "div",
    },
  ],
  Symbol(enzyme.__options__): Object {
    "adapter": ReactSixteenAdapter {
      "options": Object {
        "enableComponentDidUpdateOnSetState": true,
        "legacyContextMode": "parent",
        "lifecycles": Object {
          "componentDidUpdate": Object {
            "onSetState": true,
          },
          "getChildContext": Object {
            "calledByRenderer": false,
          },
          "getDerivedStateFromProps": Object {
            "hasShouldComponentUpdateBug": false,
          },
          "getSnapshotBeforeUpdate": true,
          "setState": Object {
            "skipsComponentDidUpdateOnNullish": true,
          },
        },
      },
    },
  },
}
`;
